1759672235.926915 client started (34366): version 3.4, socket /tmp/tmux-1000/default, protocol 8
1759672235.926960 on Linux 6.8.0-85-generic #85-Ubuntu SMP PREEMPT_DYNAMIC Thu Sep 18 15:26:59 UTC 2025
1759672235.926968 using libevent 2.1.12-stable poll
1759672235.926975 using ncurses 6.4 20240113
1759672235.927014 flags are 0x18010000
1759672235.927037 socket is /tmp/tmux-1000/default
1759672235.927060 trying connect
1759672235.927095 connect failed: No such file or directory
1759672235.927114 lock file is /tmp/tmux-1000/default.lock
1759672235.927165 flock succeeded
1759672235.927172 got lock (6)
1759672235.927186 trying connect
1759672235.927204 connect failed: No such file or directory
1759672235.927914 add peer 0x5bc2364aa770: 7 ((nil))
1759672235.928759 sending message 100 to peer 0x5bc2364aa770 (4 bytes)
1759672235.928776 sending message 111 to peer 0x5bc2364aa770 (8 bytes)
1759672235.928784 sending message 101 to peer 0x5bc2364aa770 (12 bytes)
1759672235.928792 sending message 109 to peer 0x5bc2364aa770 (4 bytes)
1759672235.928799 sending message 102 to peer 0x5bc2364aa770 (11 bytes)
1759672235.928807 sending message 108 to peer 0x5bc2364aa770 (23 bytes)
1759672235.928815 sending message 112 to peer 0x5bc2364aa770 (70 bytes)
1759672235.928823 sending message 112 to peer 0x5bc2364aa770 (5 bytes)
1759672235.928831 sending message 112 to peer 0x5bc2364aa770 (6 bytes)
1759672235.928838 sending message 112 to peer 0x5bc2364aa770 (6 bytes)
1759672235.928846 sending message 112 to peer 0x5bc2364aa770 (10 bytes)
1759672235.928853 sending message 112 to peer 0x5bc2364aa770 (13 bytes)
1759672235.928861 sending message 112 to peer 0x5bc2364aa770 (14 bytes)
1759672235.928869 sending message 112 to peer 0x5bc2364aa770 (19 bytes)
1759672235.928875 sending message 112 to peer 0x5bc2364aa770 (11 bytes)
1759672235.928883 sending message 112 to peer 0x5bc2364aa770 (10 bytes)
1759672235.928891 sending message 112 to peer 0x5bc2364aa770 (15 bytes)
1759672235.928898 sending message 112 to peer 0x5bc2364aa770 (21 bytes)
1759672235.928904 sending message 112 to peer 0x5bc2364aa770 (13 bytes)
1759672235.928912 sending message 112 to peer 0x5bc2364aa770 (7 bytes)
1759672235.928919 sending message 112 to peer 0x5bc2364aa770 (13 bytes)
1759672235.928927 sending message 112 to peer 0x5bc2364aa770 (7 bytes)
1759672235.928934 sending message 112 to peer 0x5bc2364aa770 (13 bytes)
1759672235.928942 sending message 112 to peer 0x5bc2364aa770 (9 bytes)
1759672235.928949 sending message 112 to peer 0x5bc2364aa770 (21 bytes)
1759672235.928957 sending message 112 to peer 0x5bc2364aa770 (13 bytes)
1759672235.928964 sending message 112 to peer 0x5bc2364aa770 (9 bytes)
1759672235.928972 sending message 112 to peer 0x5bc2364aa770 (16 bytes)
1759672235.928979 sending message 112 to peer 0x5bc2364aa770 (13 bytes)
1759672235.928986 sending message 112 to peer 0x5bc2364aa770 (9 bytes)
1759672235.928994 sending message 112 to peer 0x5bc2364aa770 (9 bytes)
1759672235.929002 sending message 112 to peer 0x5bc2364aa770 (12 bytes)
1759672235.929009 sending message 112 to peer 0x5bc2364aa770 (8 bytes)
1759672235.929017 sending message 112 to peer 0x5bc2364aa770 (13 bytes)
1759672235.929024 sending message 112 to peer 0x5bc2364aa770 (7 bytes)
1759672235.929031 sending message 112 to peer 0x5bc2364aa770 (7 bytes)
1759672235.929038 sending message 112 to peer 0x5bc2364aa770 (9 bytes)
1759672235.929046 sending message 112 to peer 0x5bc2364aa770 (6 bytes)
1759672235.929054 sending message 112 to peer 0x5bc2364aa770 (9 bytes)
1759672235.929061 sending message 112 to peer 0x5bc2364aa770 (15 bytes)
1759672235.929069 sending message 112 to peer 0x5bc2364aa770 (13 bytes)
1759672235.929076 sending message 112 to peer 0x5bc2364aa770 (12 bytes)
1759672235.929084 sending message 112 to peer 0x5bc2364aa770 (8 bytes)
1759672235.929092 sending message 112 to peer 0x5bc2364aa770 (14 bytes)
1759672235.929099 sending message 112 to peer 0x5bc2364aa770 (9 bytes)
1759672235.929106 sending message 112 to peer 0x5bc2364aa770 (10 bytes)
1759672235.929114 sending message 112 to peer 0x5bc2364aa770 (10 bytes)
1759672235.929136 sending message 112 to peer 0x5bc2364aa770 (10 bytes)
1759672235.929143 sending message 112 to peer 0x5bc2364aa770 (10 bytes)
1759672235.929150 sending message 112 to peer 0x5bc2364aa770 (11 bytes)
1759672235.929158 sending message 112 to peer 0x5bc2364aa770 (12 bytes)
1759672235.929166 sending message 112 to peer 0x5bc2364aa770 (12 bytes)
1759672235.929173 sending message 112 to peer 0x5bc2364aa770 (12 bytes)
1759672235.929180 sending message 112 to peer 0x5bc2364aa770 (12 bytes)
1759672235.929188 sending message 112 to peer 0x5bc2364aa770 (12 bytes)
1759672235.929195 sending message 112 to peer 0x5bc2364aa770 (11 bytes)
1759672235.929203 sending message 112 to peer 0x5bc2364aa770 (11 bytes)
1759672235.929210 sending message 112 to peer 0x5bc2364aa770 (12 bytes)
1759672235.929218 sending message 112 to peer 0x5bc2364aa770 (12 bytes)
1759672235.929225 sending message 112 to peer 0x5bc2364aa770 (12 bytes)
1759672235.929232 sending message 112 to peer 0x5bc2364aa770 (12 bytes)
1759672235.929239 sending message 112 to peer 0x5bc2364aa770 (12 bytes)
1759672235.929246 sending message 112 to peer 0x5bc2364aa770 (9 bytes)
1759672235.929253 sending message 112 to peer 0x5bc2364aa770 (12 bytes)
1759672235.929260 sending message 112 to peer 0x5bc2364aa770 (13 bytes)
1759672235.929267 sending message 112 to peer 0x5bc2364aa770 (13 bytes)
1759672235.929274 sending message 112 to peer 0x5bc2364aa770 (13 bytes)
1759672235.929281 sending message 112 to peer 0x5bc2364aa770 (13 bytes)
1759672235.929288 sending message 112 to peer 0x5bc2364aa770 (13 bytes)
1759672235.929296 sending message 112 to peer 0x5bc2364aa770 (8 bytes)
1759672235.929303 sending message 112 to peer 0x5bc2364aa770 (11 bytes)
1759672235.929311 sending message 112 to peer 0x5bc2364aa770 (11 bytes)
1759672235.929319 sending message 112 to peer 0x5bc2364aa770 (11 bytes)
1759672235.929326 sending message 112 to peer 0x5bc2364aa770 (12 bytes)
1759672235.929333 sending message 112 to peer 0x5bc2364aa770 (12 bytes)
1759672235.929340 sending message 112 to peer 0x5bc2364aa770 (13 bytes)
1759672235.929347 sending message 112 to peer 0x5bc2364aa770 (12 bytes)
1759672235.929354 sending message 112 to peer 0x5bc2364aa770 (13 bytes)
1759672235.929361 sending message 112 to peer 0x5bc2364aa770 (13 bytes)
1759672235.929368 sending message 112 to peer 0x5bc2364aa770 (13 bytes)
1759672235.929376 sending message 112 to peer 0x5bc2364aa770 (8 bytes)
1759672235.929383 sending message 112 to peer 0x5bc2364aa770 (13 bytes)
1759672235.929389 sending message 112 to peer 0x5bc2364aa770 (13 bytes)
1759672235.929397 sending message 112 to peer 0x5bc2364aa770 (13 bytes)
1759672235.929404 sending message 112 to peer 0x5bc2364aa770 (13 bytes)
1759672235.929411 sending message 112 to peer 0x5bc2364aa770 (13 bytes)
1759672235.929418 sending message 112 to peer 0x5bc2364aa770 (12 bytes)
1759672235.929425 sending message 112 to peer 0x5bc2364aa770 (12 bytes)
1759672235.929432 sending message 112 to peer 0x5bc2364aa770 (13 bytes)
1759672235.929438 sending message 112 to peer 0x5bc2364aa770 (12 bytes)
1759672235.929446 sending message 112 to peer 0x5bc2364aa770 (13 bytes)
1759672235.929452 sending message 112 to peer 0x5bc2364aa770 (8 bytes)
1759672235.929459 sending message 112 to peer 0x5bc2364aa770 (13 bytes)
1759672235.929467 sending message 112 to peer 0x5bc2364aa770 (13 bytes)
1759672235.929475 sending message 112 to peer 0x5bc2364aa770 (13 bytes)
1759672235.929482 sending message 112 to peer 0x5bc2364aa770 (13 bytes)
1759672235.929490 sending message 112 to peer 0x5bc2364aa770 (13 bytes)
1759672235.929497 sending message 112 to peer 0x5bc2364aa770 (13 bytes)
1759672235.929505 sending message 112 to peer 0x5bc2364aa770 (13 bytes)
1759672235.929512 sending message 112 to peer 0x5bc2364aa770 (12 bytes)
1759672235.929519 sending message 112 to peer 0x5bc2364aa770 (12 bytes)
1759672235.929527 sending message 112 to peer 0x5bc2364aa770 (13 bytes)
1759672235.929534 sending message 112 to peer 0x5bc2364aa770 (8 bytes)
1759672235.929541 sending message 112 to peer 0x5bc2364aa770 (12 bytes)
1759672235.929557 sending message 112 to peer 0x5bc2364aa770 (13 bytes)
1759672235.929565 sending message 112 to peer 0x5bc2364aa770 (13 bytes)
1759672235.929593 sending message 112 to peer 0x5bc2364aa770 (13 bytes)
1759672235.929604 sending message 112 to peer 0x5bc2364aa770 (13 bytes)
1759672235.929612 sending message 112 to peer 0x5bc2364aa770 (13 bytes)
1759672235.929619 sending message 112 to peer 0x5bc2364aa770 (13 bytes)
1759672235.929627 sending message 112 to peer 0x5bc2364aa770 (13 bytes)
1759672235.929634 sending message 112 to peer 0x5bc2364aa770 (13 bytes)
1759672235.929641 sending message 112 to peer 0x5bc2364aa770 (12 bytes)
1759672235.929648 sending message 112 to peer 0x5bc2364aa770 (10 bytes)
1759672235.929655 sending message 112 to peer 0x5bc2364aa770 (12 bytes)
1759672235.929663 sending message 112 to peer 0x5bc2364aa770 (13 bytes)
1759672235.929670 sending message 112 to peer 0x5bc2364aa770 (12 bytes)
1759672235.929677 sending message 112 to peer 0x5bc2364aa770 (13 bytes)
1759672235.929685 sending message 112 to peer 0x5bc2364aa770 (13 bytes)
1759672235.929692 sending message 112 to peer 0x5bc2364aa770 (13 bytes)
1759672235.929700 sending message 112 to peer 0x5bc2364aa770 (13 bytes)
1759672235.929708 sending message 112 to peer 0x5bc2364aa770 (13 bytes)
1759672235.929715 sending message 112 to peer 0x5bc2364aa770 (13 bytes)
1759672235.929722 sending message 112 to peer 0x5bc2364aa770 (13 bytes)
1759672235.929730 sending message 112 to peer 0x5bc2364aa770 (10 bytes)
1759672235.929737 sending message 112 to peer 0x5bc2364aa770 (13 bytes)
1759672235.929744 sending message 112 to peer 0x5bc2364aa770 (12 bytes)
1759672235.929751 sending message 112 to peer 0x5bc2364aa770 (12 bytes)
1759672235.929758 sending message 112 to peer 0x5bc2364aa770 (13 bytes)
1759672235.929765 sending message 112 to peer 0x5bc2364aa770 (10 bytes)
1759672235.929772 sending message 112 to peer 0x5bc2364aa770 (10 bytes)
1759672235.929780 sending message 112 to peer 0x5bc2364aa770 (10 bytes)
1759672235.929787 sending message 112 to peer 0x5bc2364aa770 (12 bytes)
1759672235.929794 sending message 112 to peer 0x5bc2364aa770 (13 bytes)
1759672235.929801 sending message 112 to peer 0x5bc2364aa770 (13 bytes)
1759672235.929809 sending message 112 to peer 0x5bc2364aa770 (13 bytes)
1759672235.929816 sending message 112 to peer 0x5bc2364aa770 (13 bytes)
1759672235.929823 sending message 112 to peer 0x5bc2364aa770 (13 bytes)
1759672235.929830 sending message 112 to peer 0x5bc2364aa770 (10 bytes)
1759672235.929838 sending message 112 to peer 0x5bc2364aa770 (11 bytes)
1759672235.929845 sending message 112 to peer 0x5bc2364aa770 (12 bytes)
1759672235.929852 sending message 112 to peer 0x5bc2364aa770 (12 bytes)
1759672235.929860 sending message 112 to peer 0x5bc2364aa770 (12 bytes)
1759672235.929867 sending message 112 to peer 0x5bc2364aa770 (12 bytes)
1759672235.929874 sending message 112 to peer 0x5bc2364aa770 (12 bytes)
1759672235.929881 sending message 112 to peer 0x5bc2364aa770 (11 bytes)
1759672235.929889 sending message 112 to peer 0x5bc2364aa770 (12 bytes)
1759672235.929896 sending message 112 to peer 0x5bc2364aa770 (12 bytes)
1759672235.929903 sending message 112 to peer 0x5bc2364aa770 (13 bytes)
1759672235.929911 sending message 112 to peer 0x5bc2364aa770 (13 bytes)
1759672235.929918 sending message 112 to peer 0x5bc2364aa770 (13 bytes)
1759672235.929925 sending message 112 to peer 0x5bc2364aa770 (13 bytes)
1759672235.929933 sending message 112 to peer 0x5bc2364aa770 (13 bytes)
1759672235.929940 sending message 112 to peer 0x5bc2364aa770 (10 bytes)
1759672235.929947 sending message 112 to peer 0x5bc2364aa770 (9 bytes)
1759672235.929954 sending message 112 to peer 0x5bc2364aa770 (12 bytes)
1759672235.929962 sending message 112 to peer 0x5bc2364aa770 (13 bytes)
1759672235.929969 sending message 112 to peer 0x5bc2364aa770 (13 bytes)
1759672235.929976 sending message 112 to peer 0x5bc2364aa770 (13 bytes)
1759672235.929984 sending message 112 to peer 0x5bc2364aa770 (13 bytes)
1759672235.929991 sending message 112 to peer 0x5bc2364aa770 (13 bytes)
1759672235.930006 sending message 112 to peer 0x5bc2364aa770 (9 bytes)
1759672235.930013 sending message 112 to peer 0x5bc2364aa770 (12 bytes)
1759672235.930020 sending message 112 to peer 0x5bc2364aa770 (13 bytes)
1759672235.930028 sending message 112 to peer 0x5bc2364aa770 (13 bytes)
1759672235.930035 sending message 112 to peer 0x5bc2364aa770 (13 bytes)
1759672235.930042 sending message 112 to peer 0x5bc2364aa770 (13 bytes)
1759672235.930050 sending message 112 to peer 0x5bc2364aa770 (13 bytes)
1759672235.930058 sending message 112 to peer 0x5bc2364aa770 (11 bytes)
1759672235.930065 sending message 112 to peer 0x5bc2364aa770 (12 bytes)
1759672235.930072 sending message 112 to peer 0x5bc2364aa770 (13 bytes)
1759672235.930080 sending message 112 to peer 0x5bc2364aa770 (13 bytes)
1759672235.930087 sending message 112 to peer 0x5bc2364aa770 (13 bytes)
1759672235.930094 sending message 112 to peer 0x5bc2364aa770 (13 bytes)
1759672235.930101 sending message 112 to peer 0x5bc2364aa770 (13 bytes)
1759672235.930109 sending message 112 to peer 0x5bc2364aa770 (11 bytes)
1759672235.930117 sending message 112 to peer 0x5bc2364aa770 (12 bytes)
1759672235.930124 sending message 112 to peer 0x5bc2364aa770 (12 bytes)
1759672235.930132 sending message 112 to peer 0x5bc2364aa770 (12 bytes)
1759672235.930139 sending message 112 to peer 0x5bc2364aa770 (12 bytes)
1759672235.930147 sending message 112 to peer 0x5bc2364aa770 (12 bytes)
1759672235.930154 sending message 112 to peer 0x5bc2364aa770 (22 bytes)
1759672235.930162 sending message 112 to peer 0x5bc2364aa770 (12 bytes)
1759672235.930169 sending message 112 to peer 0x5bc2364aa770 (9 bytes)
1759672235.930177 sending message 112 to peer 0x5bc2364aa770 (6 bytes)
1759672235.930185 sending message 112 to peer 0x5bc2364aa770 (13 bytes)
1759672235.930193 sending message 112 to peer 0x5bc2364aa770 (10 bytes)
1759672235.930200 sending message 112 to peer 0x5bc2364aa770 (15 bytes)
1759672235.930208 sending message 112 to peer 0x5bc2364aa770 (11 bytes)
1759672235.930215 sending message 112 to peer 0x5bc2364aa770 (9 bytes)
1759672235.930223 sending message 112 to peer 0x5bc2364aa770 (70 bytes)
1759672235.930230 sending message 112 to peer 0x5bc2364aa770 (69 bytes)
1759672235.930237 sending message 112 to peer 0x5bc2364aa770 (34 bytes)
1759672235.930245 sending message 112 to peer 0x5bc2364aa770 (34 bytes)
1759672235.930253 sending message 112 to peer 0x5bc2364aa770 (69 bytes)
1759672235.930260 sending message 112 to peer 0x5bc2364aa770 (12 bytes)
1759672235.930267 sending message 112 to peer 0x5bc2364aa770 (10 bytes)
1759672235.930275 sending message 112 to peer 0x5bc2364aa770 (10 bytes)
1759672235.930282 sending message 112 to peer 0x5bc2364aa770 (15 bytes)
1759672235.930290 sending message 112 to peer 0x5bc2364aa770 (11 bytes)
1759672235.930297 sending message 112 to peer 0x5bc2364aa770 (10 bytes)
1759672235.930305 sending message 112 to peer 0x5bc2364aa770 (10 bytes)
1759672235.930312 sending message 112 to peer 0x5bc2364aa770 (17 bytes)
1759672235.930319 sending message 112 to peer 0x5bc2364aa770 (10 bytes)
1759672235.930327 sending message 112 to peer 0x5bc2364aa770 (13 bytes)
1759672235.930335 sending message 112 to peer 0x5bc2364aa770 (17 bytes)
1759672235.930342 sending message 112 to peer 0x5bc2364aa770 (5 bytes)
1759672235.930349 sending message 112 to peer 0x5bc2364aa770 (9 bytes)
1759672235.930357 sending message 112 to peer 0x5bc2364aa770 (15 bytes)
1759672235.930366 sending message 104 to peer 0x5bc2364aa770 (0 bytes)
1759672235.930375 sending message 110 to peer 0x5bc2364aa770 (0 bytes)
1759672235.930383 sending message 107 to peer 0x5bc2364aa770 (4 bytes)
1759672235.930391 sending message 105 to peer 0x5bc2364aa770 (16 bytes)
1759672235.930399 sending message 105 to peer 0x5bc2364aa770 (114 bytes)
1759672235.930407 sending message 105 to peer 0x5bc2364aa770 (19 bytes)
1759672235.930415 sending message 105 to peer 0x5bc2364aa770 (20 bytes)
1759672235.930422 sending message 105 to peer 0x5bc2364aa770 (45 bytes)
1759672235.930430 sending message 105 to peer 0x5bc2364aa770 (63 bytes)
1759672235.930444 sending message 105 to peer 0x5bc2364aa770 (23 bytes)
1759672235.930452 sending message 105 to peer 0x5bc2364aa770 (44 bytes)
1759672235.930459 sending message 105 to peer 0x5bc2364aa770 (45 bytes)
1759672235.930467 sending message 105 to peer 0x5bc2364aa770 (23 bytes)
1759672235.930475 sending message 105 to peer 0x5bc2364aa770 (32 bytes)
1759672235.930482 sending message 105 to peer 0x5bc2364aa770 (20 bytes)
1759672235.930490 sending message 105 to peer 0x5bc2364aa770 (41 bytes)
1759672235.930497 sending message 105 to peer 0x5bc2364aa770 (51 bytes)
1759672235.930505 sending message 105 to peer 0x5bc2364aa770 (20 bytes)
1759672235.930513 sending message 105 to peer 0x5bc2364aa770 (23 bytes)
1759672235.930520 sending message 105 to peer 0x5bc2364aa770 (24 bytes)
1759672235.930527 sending message 105 to peer 0x5bc2364aa770 (16 bytes)
1759672235.930535 sending message 105 to peer 0x5bc2364aa770 (28 bytes)
1759672235.930543 sending message 105 to peer 0x5bc2364aa770 (27 bytes)
1759672235.930551 sending message 105 to peer 0x5bc2364aa770 (27 bytes)
1759672235.930559 sending message 105 to peer 0x5bc2364aa770 (16 bytes)
1759672235.930566 sending message 105 to peer 0x5bc2364aa770 (25 bytes)
1759672235.930589 sending message 105 to peer 0x5bc2364aa770 (102 bytes)
1759672235.930601 sending message 105 to peer 0x5bc2364aa770 (22 bytes)
1759672235.930609 sending message 105 to peer 0x5bc2364aa770 (54 bytes)
1759672235.930616 sending message 105 to peer 0x5bc2364aa770 (60 bytes)
1759672235.930624 sending message 105 to peer 0x5bc2364aa770 (19 bytes)
1759672235.930631 sending message 105 to peer 0x5bc2364aa770 (17 bytes)
1759672235.930639 sending message 105 to peer 0x5bc2364aa770 (18 bytes)
1759672235.930647 sending message 105 to peer 0x5bc2364aa770 (21 bytes)
1759672235.930655 sending message 105 to peer 0x5bc2364aa770 (17 bytes)
1759672235.930663 sending message 105 to peer 0x5bc2364aa770 (1817 bytes)
1759672235.930692 sending message 105 to peer 0x5bc2364aa770 (33 bytes)
1759672235.930699 sending message 105 to peer 0x5bc2364aa770 (155 bytes)
1759672235.930707 sending message 105 to peer 0x5bc2364aa770 (26 bytes)
1759672235.930714 sending message 105 to peer 0x5bc2364aa770 (18 bytes)
1759672235.930722 sending message 105 to peer 0x5bc2364aa770 (47 bytes)
1759672235.930729 sending message 105 to peer 0x5bc2364aa770 (16 bytes)
1759672235.930737 sending message 105 to peer 0x5bc2364aa770 (27 bytes)
1759672235.930745 sending message 105 to peer 0x5bc2364aa770 (23 bytes)
1759672235.930752 sending message 105 to peer 0x5bc2364aa770 (34 bytes)
1759672235.930759 sending message 105 to peer 0x5bc2364aa770 (23 bytes)
1759672235.930767 sending message 105 to peer 0x5bc2364aa770 (59 bytes)
1759672235.930775 sending message 105 to peer 0x5bc2364aa770 (17 bytes)
1759672235.930782 sending message 105 to peer 0x5bc2364aa770 (30 bytes)
1759672235.930790 sending message 105 to peer 0x5bc2364aa770 (32 bytes)
1759672235.930797 sending message 105 to peer 0x5bc2364aa770 (13 bytes)
1759672235.930805 sending message 105 to peer 0x5bc2364aa770 (11 bytes)
1759672235.930812 sending message 105 to peer 0x5bc2364aa770 (8 bytes)
1759672235.930820 sending message 105 to peer 0x5bc2364aa770 (14 bytes)
1759672235.930827 sending message 105 to peer 0x5bc2364aa770 (35 bytes)
1759672235.930835 sending message 105 to peer 0x5bc2364aa770 (25 bytes)
1759672235.930843 sending message 105 to peer 0x5bc2364aa770 (18 bytes)
1759672235.930850 sending message 105 to peer 0x5bc2364aa770 (27 bytes)
1759672235.930857 sending message 105 to peer 0x5bc2364aa770 (17 bytes)
1759672235.930865 sending message 105 to peer 0x5bc2364aa770 (31 bytes)
1759672235.930873 sending message 105 to peer 0x5bc2364aa770 (47 bytes)
1759672235.930881 sending message 105 to peer 0x5bc2364aa770 (20 bytes)
1759672235.930888 sending message 105 to peer 0x5bc2364aa770 (23 bytes)
1759672235.930896 sending message 105 to peer 0x5bc2364aa770 (182 bytes)
1759672235.930904 sending message 105 to peer 0x5bc2364aa770 (358 bytes)
1759672235.930912 sending message 105 to peer 0x5bc2364aa770 (18 bytes)
1759672235.930928 sending message 105 to peer 0x5bc2364aa770 (54 bytes)
1759672235.930936 sending message 105 to peer 0x5bc2364aa770 (54 bytes)
1759672235.930943 sending message 105 to peer 0x5bc2364aa770 (64 bytes)
1759672235.930951 sending message 105 to peer 0x5bc2364aa770 (36 bytes)
1759672235.930958 sending message 105 to peer 0x5bc2364aa770 (23 bytes)
1759672235.930965 sending message 105 to peer 0x5bc2364aa770 (30 bytes)
1759672235.930973 sending message 105 to peer 0x5bc2364aa770 (16 bytes)
1759672235.930980 sending message 105 to peer 0x5bc2364aa770 (19 bytes)
1759672235.930987 sending message 105 to peer 0x5bc2364aa770 (38 bytes)
1759672235.930995 sending message 106 to peer 0x5bc2364aa770 (0 bytes)
1759672235.931091 sending message 200 to peer 0x5bc2364aa770 (4 bytes)
1759672235.931099 client loop enter
1759672235.931126 client_signal: Child exited
1759672236.120152 peer 0x5bc2364aa770 message 207
1759672236.120162 sending message 208 to peer 0x5bc2364aa770 (0 bytes)
1759672243.730289 peer 0x5bc2364aa770 message 203
1759672243.730323 sending message 205 to peer 0x5bc2364aa770 (0 bytes)
1759672243.730855 peer 0x5bc2364aa770 message 204
1759672243.730873 client loop exit
