1758442458.877387 client started (15736): version 3.4, socket /tmp/tmux-1000/default, protocol 8
1758442458.877434 on Linux 6.8.0-79-generic #79-Ubuntu SMP PREEMPT_DYNAMIC Tue Aug 12 14:42:46 UTC 2025
1758442458.877440 using libevent 2.1.12-stable poll
1758442458.877444 using ncurses 6.4 20240113
1758442458.877466 flags are 0x18010000
1758442458.877483 socket is /tmp/tmux-1000/default
1758442458.877505 trying connect
1758442458.877530 connect failed: Connection refused
1758442458.877545 lock file is /tmp/tmux-1000/default.lock
1758442458.877590 flock succeeded
1758442458.877595 got lock (6)
1758442458.877605 trying connect
1758442458.877615 connect failed: Connection refused
1758442458.878143 add peer 0x5fbe1f8d9680: 7 ((nil))
1758442458.878658 sending message 100 to peer 0x5fbe1f8d9680 (4 bytes)
1758442458.878667 sending message 111 to peer 0x5fbe1f8d9680 (8 bytes)
1758442458.878672 sending message 101 to peer 0x5fbe1f8d9680 (12 bytes)
1758442458.878676 sending message 109 to peer 0x5fbe1f8d9680 (4 bytes)
1758442458.878682 sending message 102 to peer 0x5fbe1f8d9680 (11 bytes)
1758442458.878687 sending message 108 to peer 0x5fbe1f8d9680 (31 bytes)
1758442458.878692 sending message 112 to peer 0x5fbe1f8d9680 (70 bytes)
1758442458.878697 sending message 112 to peer 0x5fbe1f8d9680 (5 bytes)
1758442458.878703 sending message 112 to peer 0x5fbe1f8d9680 (6 bytes)
1758442458.878707 sending message 112 to peer 0x5fbe1f8d9680 (6 bytes)
1758442458.878713 sending message 112 to peer 0x5fbe1f8d9680 (10 bytes)
1758442458.878718 sending message 112 to peer 0x5fbe1f8d9680 (13 bytes)
1758442458.878723 sending message 112 to peer 0x5fbe1f8d9680 (14 bytes)
1758442458.878728 sending message 112 to peer 0x5fbe1f8d9680 (19 bytes)
1758442458.878733 sending message 112 to peer 0x5fbe1f8d9680 (11 bytes)
1758442458.878738 sending message 112 to peer 0x5fbe1f8d9680 (10 bytes)
1758442458.878743 sending message 112 to peer 0x5fbe1f8d9680 (15 bytes)
1758442458.878747 sending message 112 to peer 0x5fbe1f8d9680 (21 bytes)
1758442458.878753 sending message 112 to peer 0x5fbe1f8d9680 (13 bytes)
1758442458.878758 sending message 112 to peer 0x5fbe1f8d9680 (7 bytes)
1758442458.878762 sending message 112 to peer 0x5fbe1f8d9680 (13 bytes)
1758442458.878768 sending message 112 to peer 0x5fbe1f8d9680 (7 bytes)
1758442458.878773 sending message 112 to peer 0x5fbe1f8d9680 (13 bytes)
1758442458.878777 sending message 112 to peer 0x5fbe1f8d9680 (9 bytes)
1758442458.878782 sending message 112 to peer 0x5fbe1f8d9680 (21 bytes)
1758442458.878788 sending message 112 to peer 0x5fbe1f8d9680 (13 bytes)
1758442458.878792 sending message 112 to peer 0x5fbe1f8d9680 (9 bytes)
1758442458.878797 sending message 112 to peer 0x5fbe1f8d9680 (16 bytes)
1758442458.878802 sending message 112 to peer 0x5fbe1f8d9680 (13 bytes)
1758442458.878807 sending message 112 to peer 0x5fbe1f8d9680 (9 bytes)
1758442458.878812 sending message 112 to peer 0x5fbe1f8d9680 (9 bytes)
1758442458.878817 sending message 112 to peer 0x5fbe1f8d9680 (12 bytes)
1758442458.878822 sending message 112 to peer 0x5fbe1f8d9680 (8 bytes)
1758442458.878827 sending message 112 to peer 0x5fbe1f8d9680 (13 bytes)
1758442458.878832 sending message 112 to peer 0x5fbe1f8d9680 (7 bytes)
1758442458.878837 sending message 112 to peer 0x5fbe1f8d9680 (7 bytes)
1758442458.878842 sending message 112 to peer 0x5fbe1f8d9680 (9 bytes)
1758442458.878847 sending message 112 to peer 0x5fbe1f8d9680 (6 bytes)
1758442458.878852 sending message 112 to peer 0x5fbe1f8d9680 (9 bytes)
1758442458.878857 sending message 112 to peer 0x5fbe1f8d9680 (15 bytes)
1758442458.878862 sending message 112 to peer 0x5fbe1f8d9680 (13 bytes)
1758442458.878867 sending message 112 to peer 0x5fbe1f8d9680 (12 bytes)
1758442458.878872 sending message 112 to peer 0x5fbe1f8d9680 (8 bytes)
1758442458.878877 sending message 112 to peer 0x5fbe1f8d9680 (14 bytes)
1758442458.878882 sending message 112 to peer 0x5fbe1f8d9680 (9 bytes)
1758442458.878887 sending message 112 to peer 0x5fbe1f8d9680 (10 bytes)
1758442458.878892 sending message 112 to peer 0x5fbe1f8d9680 (10 bytes)
1758442458.878926 sending message 112 to peer 0x5fbe1f8d9680 (10 bytes)
1758442458.878931 sending message 112 to peer 0x5fbe1f8d9680 (10 bytes)
1758442458.878936 sending message 112 to peer 0x5fbe1f8d9680 (11 bytes)
1758442458.878941 sending message 112 to peer 0x5fbe1f8d9680 (12 bytes)
1758442458.878946 sending message 112 to peer 0x5fbe1f8d9680 (12 bytes)
1758442458.878951 sending message 112 to peer 0x5fbe1f8d9680 (12 bytes)
1758442458.878956 sending message 112 to peer 0x5fbe1f8d9680 (12 bytes)
1758442458.878961 sending message 112 to peer 0x5fbe1f8d9680 (12 bytes)
1758442458.878966 sending message 112 to peer 0x5fbe1f8d9680 (11 bytes)
1758442458.878971 sending message 112 to peer 0x5fbe1f8d9680 (11 bytes)
1758442458.878976 sending message 112 to peer 0x5fbe1f8d9680 (12 bytes)
1758442458.878981 sending message 112 to peer 0x5fbe1f8d9680 (12 bytes)
1758442458.878986 sending message 112 to peer 0x5fbe1f8d9680 (12 bytes)
1758442458.878990 sending message 112 to peer 0x5fbe1f8d9680 (12 bytes)
1758442458.878996 sending message 112 to peer 0x5fbe1f8d9680 (12 bytes)
1758442458.879001 sending message 112 to peer 0x5fbe1f8d9680 (9 bytes)
1758442458.879005 sending message 112 to peer 0x5fbe1f8d9680 (12 bytes)
1758442458.879010 sending message 112 to peer 0x5fbe1f8d9680 (13 bytes)
1758442458.879015 sending message 112 to peer 0x5fbe1f8d9680 (13 bytes)
1758442458.879021 sending message 112 to peer 0x5fbe1f8d9680 (13 bytes)
1758442458.879027 sending message 112 to peer 0x5fbe1f8d9680 (13 bytes)
1758442458.879031 sending message 112 to peer 0x5fbe1f8d9680 (13 bytes)
1758442458.879037 sending message 112 to peer 0x5fbe1f8d9680 (8 bytes)
1758442458.879041 sending message 112 to peer 0x5fbe1f8d9680 (11 bytes)
1758442458.879047 sending message 112 to peer 0x5fbe1f8d9680 (11 bytes)
1758442458.879052 sending message 112 to peer 0x5fbe1f8d9680 (11 bytes)
1758442458.879057 sending message 112 to peer 0x5fbe1f8d9680 (12 bytes)
1758442458.879062 sending message 112 to peer 0x5fbe1f8d9680 (12 bytes)
1758442458.879067 sending message 112 to peer 0x5fbe1f8d9680 (13 bytes)
1758442458.879072 sending message 112 to peer 0x5fbe1f8d9680 (12 bytes)
1758442458.879077 sending message 112 to peer 0x5fbe1f8d9680 (13 bytes)
1758442458.879082 sending message 112 to peer 0x5fbe1f8d9680 (13 bytes)
1758442458.879086 sending message 112 to peer 0x5fbe1f8d9680 (13 bytes)
1758442458.879091 sending message 112 to peer 0x5fbe1f8d9680 (8 bytes)
1758442458.879096 sending message 112 to peer 0x5fbe1f8d9680 (13 bytes)
1758442458.879101 sending message 112 to peer 0x5fbe1f8d9680 (13 bytes)
1758442458.879106 sending message 112 to peer 0x5fbe1f8d9680 (13 bytes)
1758442458.879111 sending message 112 to peer 0x5fbe1f8d9680 (13 bytes)
1758442458.879116 sending message 112 to peer 0x5fbe1f8d9680 (13 bytes)
1758442458.879121 sending message 112 to peer 0x5fbe1f8d9680 (12 bytes)
1758442458.879126 sending message 112 to peer 0x5fbe1f8d9680 (12 bytes)
1758442458.879131 sending message 112 to peer 0x5fbe1f8d9680 (13 bytes)
1758442458.879135 sending message 112 to peer 0x5fbe1f8d9680 (12 bytes)
1758442458.879140 sending message 112 to peer 0x5fbe1f8d9680 (13 bytes)
1758442458.879145 sending message 112 to peer 0x5fbe1f8d9680 (8 bytes)
1758442458.879150 sending message 112 to peer 0x5fbe1f8d9680 (13 bytes)
1758442458.879155 sending message 112 to peer 0x5fbe1f8d9680 (13 bytes)
1758442458.879160 sending message 112 to peer 0x5fbe1f8d9680 (13 bytes)
1758442458.879165 sending message 112 to peer 0x5fbe1f8d9680 (13 bytes)
1758442458.879170 sending message 112 to peer 0x5fbe1f8d9680 (13 bytes)
1758442458.879175 sending message 112 to peer 0x5fbe1f8d9680 (13 bytes)
1758442458.879180 sending message 112 to peer 0x5fbe1f8d9680 (13 bytes)
1758442458.879185 sending message 112 to peer 0x5fbe1f8d9680 (12 bytes)
1758442458.879189 sending message 112 to peer 0x5fbe1f8d9680 (12 bytes)
1758442458.879193 sending message 112 to peer 0x5fbe1f8d9680 (13 bytes)
1758442458.879199 sending message 112 to peer 0x5fbe1f8d9680 (8 bytes)
1758442458.879204 sending message 112 to peer 0x5fbe1f8d9680 (12 bytes)
1758442458.879214 sending message 112 to peer 0x5fbe1f8d9680 (13 bytes)
1758442458.879220 sending message 112 to peer 0x5fbe1f8d9680 (13 bytes)
1758442458.879225 sending message 112 to peer 0x5fbe1f8d9680 (13 bytes)
1758442458.879230 sending message 112 to peer 0x5fbe1f8d9680 (13 bytes)
1758442458.879254 sending message 112 to peer 0x5fbe1f8d9680 (13 bytes)
1758442458.879260 sending message 112 to peer 0x5fbe1f8d9680 (13 bytes)
1758442458.879265 sending message 112 to peer 0x5fbe1f8d9680 (13 bytes)
1758442458.879270 sending message 112 to peer 0x5fbe1f8d9680 (13 bytes)
1758442458.879275 sending message 112 to peer 0x5fbe1f8d9680 (12 bytes)
1758442458.879280 sending message 112 to peer 0x5fbe1f8d9680 (10 bytes)
1758442458.879285 sending message 112 to peer 0x5fbe1f8d9680 (12 bytes)
1758442458.879290 sending message 112 to peer 0x5fbe1f8d9680 (13 bytes)
1758442458.879295 sending message 112 to peer 0x5fbe1f8d9680 (12 bytes)
1758442458.879300 sending message 112 to peer 0x5fbe1f8d9680 (13 bytes)
1758442458.879305 sending message 112 to peer 0x5fbe1f8d9680 (13 bytes)
1758442458.879309 sending message 112 to peer 0x5fbe1f8d9680 (13 bytes)
1758442458.879314 sending message 112 to peer 0x5fbe1f8d9680 (13 bytes)
1758442458.879318 sending message 112 to peer 0x5fbe1f8d9680 (13 bytes)
1758442458.879323 sending message 112 to peer 0x5fbe1f8d9680 (13 bytes)
1758442458.879328 sending message 112 to peer 0x5fbe1f8d9680 (13 bytes)
1758442458.879333 sending message 112 to peer 0x5fbe1f8d9680 (10 bytes)
1758442458.879338 sending message 112 to peer 0x5fbe1f8d9680 (13 bytes)
1758442458.879343 sending message 112 to peer 0x5fbe1f8d9680 (12 bytes)
1758442458.879348 sending message 112 to peer 0x5fbe1f8d9680 (12 bytes)
1758442458.879353 sending message 112 to peer 0x5fbe1f8d9680 (13 bytes)
1758442458.879358 sending message 112 to peer 0x5fbe1f8d9680 (10 bytes)
1758442458.879363 sending message 112 to peer 0x5fbe1f8d9680 (10 bytes)
1758442458.879368 sending message 112 to peer 0x5fbe1f8d9680 (10 bytes)
1758442458.879373 sending message 112 to peer 0x5fbe1f8d9680 (12 bytes)
1758442458.879378 sending message 112 to peer 0x5fbe1f8d9680 (13 bytes)
1758442458.879382 sending message 112 to peer 0x5fbe1f8d9680 (13 bytes)
1758442458.879388 sending message 112 to peer 0x5fbe1f8d9680 (13 bytes)
1758442458.879392 sending message 112 to peer 0x5fbe1f8d9680 (13 bytes)
1758442458.879397 sending message 112 to peer 0x5fbe1f8d9680 (13 bytes)
1758442458.879402 sending message 112 to peer 0x5fbe1f8d9680 (10 bytes)
1758442458.879407 sending message 112 to peer 0x5fbe1f8d9680 (11 bytes)
1758442458.879412 sending message 112 to peer 0x5fbe1f8d9680 (12 bytes)
1758442458.879418 sending message 112 to peer 0x5fbe1f8d9680 (12 bytes)
1758442458.879423 sending message 112 to peer 0x5fbe1f8d9680 (12 bytes)
1758442458.879429 sending message 112 to peer 0x5fbe1f8d9680 (12 bytes)
1758442458.879434 sending message 112 to peer 0x5fbe1f8d9680 (12 bytes)
1758442458.879440 sending message 112 to peer 0x5fbe1f8d9680 (11 bytes)
1758442458.879445 sending message 112 to peer 0x5fbe1f8d9680 (12 bytes)
1758442458.879451 sending message 112 to peer 0x5fbe1f8d9680 (12 bytes)
1758442458.879457 sending message 112 to peer 0x5fbe1f8d9680 (13 bytes)
1758442458.879463 sending message 112 to peer 0x5fbe1f8d9680 (13 bytes)
1758442458.879469 sending message 112 to peer 0x5fbe1f8d9680 (13 bytes)
1758442458.879474 sending message 112 to peer 0x5fbe1f8d9680 (13 bytes)
1758442458.879480 sending message 112 to peer 0x5fbe1f8d9680 (13 bytes)
1758442458.879485 sending message 112 to peer 0x5fbe1f8d9680 (10 bytes)
1758442458.879490 sending message 112 to peer 0x5fbe1f8d9680 (9 bytes)
1758442458.879495 sending message 112 to peer 0x5fbe1f8d9680 (12 bytes)
1758442458.879500 sending message 112 to peer 0x5fbe1f8d9680 (13 bytes)
1758442458.879505 sending message 112 to peer 0x5fbe1f8d9680 (13 bytes)
1758442458.879510 sending message 112 to peer 0x5fbe1f8d9680 (13 bytes)
1758442458.879515 sending message 112 to peer 0x5fbe1f8d9680 (13 bytes)
1758442458.879520 sending message 112 to peer 0x5fbe1f8d9680 (13 bytes)
1758442458.879531 sending message 112 to peer 0x5fbe1f8d9680 (9 bytes)
1758442458.879536 sending message 112 to peer 0x5fbe1f8d9680 (12 bytes)
1758442458.879541 sending message 112 to peer 0x5fbe1f8d9680 (13 bytes)
1758442458.879546 sending message 112 to peer 0x5fbe1f8d9680 (13 bytes)
1758442458.879550 sending message 112 to peer 0x5fbe1f8d9680 (13 bytes)
1758442458.879555 sending message 112 to peer 0x5fbe1f8d9680 (13 bytes)
1758442458.879560 sending message 112 to peer 0x5fbe1f8d9680 (13 bytes)
1758442458.879564 sending message 112 to peer 0x5fbe1f8d9680 (11 bytes)
1758442458.879568 sending message 112 to peer 0x5fbe1f8d9680 (12 bytes)
1758442458.879574 sending message 112 to peer 0x5fbe1f8d9680 (13 bytes)
1758442458.879577 sending message 112 to peer 0x5fbe1f8d9680 (13 bytes)
1758442458.879582 sending message 112 to peer 0x5fbe1f8d9680 (13 bytes)
1758442458.879587 sending message 112 to peer 0x5fbe1f8d9680 (13 bytes)
1758442458.879591 sending message 112 to peer 0x5fbe1f8d9680 (13 bytes)
1758442458.879596 sending message 112 to peer 0x5fbe1f8d9680 (11 bytes)
1758442458.879601 sending message 112 to peer 0x5fbe1f8d9680 (12 bytes)
1758442458.879606 sending message 112 to peer 0x5fbe1f8d9680 (12 bytes)
1758442458.879611 sending message 112 to peer 0x5fbe1f8d9680 (12 bytes)
1758442458.879616 sending message 112 to peer 0x5fbe1f8d9680 (12 bytes)
1758442458.879621 sending message 112 to peer 0x5fbe1f8d9680 (12 bytes)
1758442458.879624 sending message 112 to peer 0x5fbe1f8d9680 (22 bytes)
1758442458.879630 sending message 112 to peer 0x5fbe1f8d9680 (12 bytes)
1758442458.879635 sending message 112 to peer 0x5fbe1f8d9680 (9 bytes)
1758442458.879639 sending message 112 to peer 0x5fbe1f8d9680 (6 bytes)
1758442458.879644 sending message 112 to peer 0x5fbe1f8d9680 (13 bytes)
1758442458.879648 sending message 112 to peer 0x5fbe1f8d9680 (10 bytes)
1758442458.879654 sending message 112 to peer 0x5fbe1f8d9680 (15 bytes)
1758442458.879659 sending message 112 to peer 0x5fbe1f8d9680 (11 bytes)
1758442458.879664 sending message 112 to peer 0x5fbe1f8d9680 (9 bytes)
1758442458.879669 sending message 112 to peer 0x5fbe1f8d9680 (70 bytes)
1758442458.879673 sending message 112 to peer 0x5fbe1f8d9680 (69 bytes)
1758442458.879678 sending message 112 to peer 0x5fbe1f8d9680 (34 bytes)
1758442458.879683 sending message 112 to peer 0x5fbe1f8d9680 (34 bytes)
1758442458.879687 sending message 112 to peer 0x5fbe1f8d9680 (69 bytes)
1758442458.879692 sending message 112 to peer 0x5fbe1f8d9680 (12 bytes)
1758442458.879697 sending message 112 to peer 0x5fbe1f8d9680 (10 bytes)
1758442458.879701 sending message 112 to peer 0x5fbe1f8d9680 (10 bytes)
1758442458.879706 sending message 112 to peer 0x5fbe1f8d9680 (15 bytes)
1758442458.879711 sending message 112 to peer 0x5fbe1f8d9680 (11 bytes)
1758442458.879716 sending message 112 to peer 0x5fbe1f8d9680 (10 bytes)
1758442458.879722 sending message 112 to peer 0x5fbe1f8d9680 (10 bytes)
1758442458.879727 sending message 112 to peer 0x5fbe1f8d9680 (17 bytes)
1758442458.879731 sending message 112 to peer 0x5fbe1f8d9680 (10 bytes)
1758442458.879736 sending message 112 to peer 0x5fbe1f8d9680 (13 bytes)
1758442458.879741 sending message 112 to peer 0x5fbe1f8d9680 (17 bytes)
1758442458.879746 sending message 112 to peer 0x5fbe1f8d9680 (5 bytes)
1758442458.879751 sending message 112 to peer 0x5fbe1f8d9680 (9 bytes)
1758442458.879756 sending message 112 to peer 0x5fbe1f8d9680 (15 bytes)
1758442458.879762 sending message 104 to peer 0x5fbe1f8d9680 (0 bytes)
1758442458.879768 sending message 110 to peer 0x5fbe1f8d9680 (0 bytes)
1758442458.879773 sending message 107 to peer 0x5fbe1f8d9680 (4 bytes)
1758442458.879779 sending message 105 to peer 0x5fbe1f8d9680 (16 bytes)
1758442458.879784 sending message 105 to peer 0x5fbe1f8d9680 (114 bytes)
1758442458.879788 sending message 105 to peer 0x5fbe1f8d9680 (19 bytes)
1758442458.879793 sending message 105 to peer 0x5fbe1f8d9680 (20 bytes)
1758442458.879798 sending message 105 to peer 0x5fbe1f8d9680 (45 bytes)
1758442458.879804 sending message 105 to peer 0x5fbe1f8d9680 (63 bytes)
1758442458.879815 sending message 105 to peer 0x5fbe1f8d9680 (23 bytes)
1758442458.879821 sending message 105 to peer 0x5fbe1f8d9680 (44 bytes)
1758442458.879826 sending message 105 to peer 0x5fbe1f8d9680 (45 bytes)
1758442458.879832 sending message 105 to peer 0x5fbe1f8d9680 (23 bytes)
1758442458.879836 sending message 105 to peer 0x5fbe1f8d9680 (32 bytes)
1758442458.879843 sending message 105 to peer 0x5fbe1f8d9680 (20 bytes)
1758442458.879848 sending message 105 to peer 0x5fbe1f8d9680 (41 bytes)
1758442458.879854 sending message 105 to peer 0x5fbe1f8d9680 (51 bytes)
1758442458.879858 sending message 105 to peer 0x5fbe1f8d9680 (20 bytes)
1758442458.879864 sending message 105 to peer 0x5fbe1f8d9680 (23 bytes)
1758442458.879869 sending message 105 to peer 0x5fbe1f8d9680 (24 bytes)
1758442458.879873 sending message 105 to peer 0x5fbe1f8d9680 (16 bytes)
1758442458.879878 sending message 105 to peer 0x5fbe1f8d9680 (28 bytes)
1758442458.879883 sending message 105 to peer 0x5fbe1f8d9680 (35 bytes)
1758442458.879888 sending message 105 to peer 0x5fbe1f8d9680 (27 bytes)
1758442458.879892 sending message 105 to peer 0x5fbe1f8d9680 (16 bytes)
1758442458.879916 sending message 105 to peer 0x5fbe1f8d9680 (25 bytes)
1758442458.879924 sending message 105 to peer 0x5fbe1f8d9680 (102 bytes)
1758442458.879929 sending message 105 to peer 0x5fbe1f8d9680 (22 bytes)
1758442458.879935 sending message 105 to peer 0x5fbe1f8d9680 (54 bytes)
1758442458.879939 sending message 105 to peer 0x5fbe1f8d9680 (60 bytes)
1758442458.879944 sending message 105 to peer 0x5fbe1f8d9680 (19 bytes)
1758442458.879949 sending message 105 to peer 0x5fbe1f8d9680 (17 bytes)
1758442458.879954 sending message 105 to peer 0x5fbe1f8d9680 (18 bytes)
1758442458.879959 sending message 105 to peer 0x5fbe1f8d9680 (21 bytes)
1758442458.879963 sending message 105 to peer 0x5fbe1f8d9680 (17 bytes)
1758442458.879969 sending message 105 to peer 0x5fbe1f8d9680 (1817 bytes)
1758442458.879989 sending message 105 to peer 0x5fbe1f8d9680 (33 bytes)
1758442458.879994 sending message 105 to peer 0x5fbe1f8d9680 (155 bytes)
1758442458.880000 sending message 105 to peer 0x5fbe1f8d9680 (26 bytes)
1758442458.880005 sending message 105 to peer 0x5fbe1f8d9680 (18 bytes)
1758442458.880010 sending message 105 to peer 0x5fbe1f8d9680 (47 bytes)
1758442458.880015 sending message 105 to peer 0x5fbe1f8d9680 (16 bytes)
1758442458.880020 sending message 105 to peer 0x5fbe1f8d9680 (27 bytes)
1758442458.880025 sending message 105 to peer 0x5fbe1f8d9680 (23 bytes)
1758442458.880030 sending message 105 to peer 0x5fbe1f8d9680 (34 bytes)
1758442458.880035 sending message 105 to peer 0x5fbe1f8d9680 (23 bytes)
1758442458.880040 sending message 105 to peer 0x5fbe1f8d9680 (59 bytes)
1758442458.880044 sending message 105 to peer 0x5fbe1f8d9680 (17 bytes)
1758442458.880050 sending message 105 to peer 0x5fbe1f8d9680 (30 bytes)
1758442458.880055 sending message 105 to peer 0x5fbe1f8d9680 (32 bytes)
1758442458.880059 sending message 105 to peer 0x5fbe1f8d9680 (13 bytes)
1758442458.880064 sending message 105 to peer 0x5fbe1f8d9680 (11 bytes)
1758442458.880069 sending message 105 to peer 0x5fbe1f8d9680 (8 bytes)
1758442458.880073 sending message 105 to peer 0x5fbe1f8d9680 (14 bytes)
1758442458.880078 sending message 105 to peer 0x5fbe1f8d9680 (35 bytes)
1758442458.880083 sending message 105 to peer 0x5fbe1f8d9680 (25 bytes)
1758442458.880088 sending message 105 to peer 0x5fbe1f8d9680 (18 bytes)
1758442458.880093 sending message 105 to peer 0x5fbe1f8d9680 (27 bytes)
1758442458.880098 sending message 105 to peer 0x5fbe1f8d9680 (17 bytes)
1758442458.880102 sending message 105 to peer 0x5fbe1f8d9680 (31 bytes)
1758442458.880108 sending message 105 to peer 0x5fbe1f8d9680 (47 bytes)
1758442458.880112 sending message 105 to peer 0x5fbe1f8d9680 (20 bytes)
1758442458.880117 sending message 105 to peer 0x5fbe1f8d9680 (23 bytes)
1758442458.880122 sending message 105 to peer 0x5fbe1f8d9680 (182 bytes)
1758442458.880127 sending message 105 to peer 0x5fbe1f8d9680 (303 bytes)
1758442458.880133 sending message 105 to peer 0x5fbe1f8d9680 (18 bytes)
1758442458.880144 sending message 105 to peer 0x5fbe1f8d9680 (54 bytes)
1758442458.880150 sending message 105 to peer 0x5fbe1f8d9680 (54 bytes)
1758442458.880156 sending message 105 to peer 0x5fbe1f8d9680 (64 bytes)
1758442458.880162 sending message 105 to peer 0x5fbe1f8d9680 (36 bytes)
1758442458.880167 sending message 105 to peer 0x5fbe1f8d9680 (23 bytes)
1758442458.880173 sending message 105 to peer 0x5fbe1f8d9680 (16 bytes)
1758442458.880178 sending message 105 to peer 0x5fbe1f8d9680 (30 bytes)
1758442458.880184 sending message 105 to peer 0x5fbe1f8d9680 (19 bytes)
1758442458.880188 sending message 105 to peer 0x5fbe1f8d9680 (38 bytes)
1758442458.880194 sending message 105 to peer 0x5fbe1f8d9680 (254 bytes)
1758442458.880200 sending message 106 to peer 0x5fbe1f8d9680 (0 bytes)
1758442458.880273 sending message 200 to peer 0x5fbe1f8d9680 (4 bytes)
1758442458.880279 client loop enter
1758442458.880299 client_signal: Child exited
1758442458.986265 peer 0x5fbe1f8d9680 message 207
1758442458.986286 sending message 208 to peer 0x5fbe1f8d9680 (0 bytes)
1758442465.168992 peer 0x5fbe1f8d9680 message 203
1758442465.169023 sending message 205 to peer 0x5fbe1f8d9680 (0 bytes)
1758442465.169613 peer 0x5fbe1f8d9680 message 204
1758442465.169640 client loop exit
